Archive member included to satisfy reference by file (symbol)

c:/program files (x86)/atollic/truestudio for stm32 9.3.0/armtools/bin/../lib/gcc/arm-atollic-eabi/6.3.1/../../../../arm-atollic-eabi/lib/armv6-m\libc_nano.a(lib_a-errno.o)
                              Src\syscalls.o (__errno)
c:/program files (x86)/atollic/truestudio for stm32 9.3.0/armtools/bin/../lib/gcc/arm-atollic-eabi/6.3.1/../../../../arm-atollic-eabi/lib/armv6-m\libc_nano.a(lib_a-impure.o)
                              c:/program files (x86)/atollic/truestudio for stm32 9.3.0/armtools/bin/../lib/gcc/arm-atollic-eabi/6.3.1/../../../../arm-atollic-eabi/lib/armv6-m\libc_nano.a(lib_a-errno.o) (_impure_ptr)
c:/program files (x86)/atollic/truestudio for stm32 9.3.0/armtools/bin/../lib/gcc/arm-atollic-eabi/6.3.1/../../../../arm-atollic-eabi/lib/armv6-m\libc_nano.a(lib_a-init.o)
                              startup\startup_stm32l053xx.o (__libc_init_array)
c:/program files (x86)/atollic/truestudio for stm32 9.3.0/armtools/bin/../lib/gcc/arm-atollic-eabi/6.3.1/../../../../arm-atollic-eabi/lib/armv6-m\libc_nano.a(lib_a-memcpy-stub.o)
                              Src\oled.o (memcpy)
c:/program files (x86)/atollic/truestudio for stm32 9.3.0/armtools/bin/../lib/gcc/arm-atollic-eabi/6.3.1/../../../../arm-atollic-eabi/lib/armv6-m\libc_nano.a(lib_a-memset.o)
                              Drivers\STM32L0xx_HAL_Driver\Src\stm32l0xx_hal_rcc.o (memset)
c:/program files (x86)/atollic/truestudio for stm32 9.3.0/armtools/bin/../lib/gcc/arm-atollic-eabi/6.3.1/armv6-m\libgcc.a(_thumb1_case_uqi.o)
                              Drivers\STM32L0xx_HAL_Driver\Src\stm32l0xx_hal_dma.o (__gnu_thumb1_case_uqi)
c:/program files (x86)/atollic/truestudio for stm32 9.3.0/armtools/bin/../lib/gcc/arm-atollic-eabi/6.3.1/armv6-m\libgcc.a(_udivsi3.o)
                              Drivers\STM32L0xx_HAL_Driver\Src\stm32l0xx_hal.o (__aeabi_uidiv)
c:/program files (x86)/atollic/truestudio for stm32 9.3.0/armtools/bin/../lib/gcc/arm-atollic-eabi/6.3.1/armv6-m\libgcc.a(_dvmd_tls.o)
                              c:/program files (x86)/atollic/truestudio for stm32 9.3.0/armtools/bin/../lib/gcc/arm-atollic-eabi/6.3.1/armv6-m\libgcc.a(_udivsi3.o) (__aeabi_idiv0)

Allocating common symbols
Common symbol       size              file

hspi2               0x58              Src\main.o
uwTick              0x4               Drivers\STM32L0xx_HAL_Driver\Src\stm32l0xx_hal.o
pFlash              0x18              Drivers\STM32L0xx_HAL_Driver\Src\stm32l0xx_hal_flash.o
htim2               0x3c              Src\main.o

Discarded input sections

 .text          0x00000000        0x0 c:/program files (x86)/atollic/truestudio for stm32 9.3.0/armtools/bin/../lib/gcc/arm-atollic-eabi/6.3.1/armv6-m/crti.o
 .data          0x00000000        0x0 c:/program files (x86)/atollic/truestudio for stm32 9.3.0/armtools/bin/../lib/gcc/arm-atollic-eabi/6.3.1/armv6-m/crti.o
 .bss           0x00000000        0x0 c:/program files (x86)/atollic/truestudio for stm32 9.3.0/armtools/bin/../lib/gcc/arm-atollic-eabi/6.3.1/armv6-m/crti.o
 .data          0x00000000        0x4 c:/program files (x86)/atollic/truestudio for stm32 9.3.0/armtools/bin/../lib/gcc/arm-atollic-eabi/6.3.1/armv6-m/crtbegin.o
 .text          0x00000000        0x0 Drivers\STM32L0xx_HAL_Driver\Src\stm32l0xx_hal.o
 .data          0x00000000        0x0 Drivers\STM32L0xx_HAL_Driver\Src\stm32l0xx_hal.o
 .bss           0x00000000        0x0 Drivers\STM32L0xx_HAL_Driver\Src\stm32l0xx_hal.o
 .text.HAL_MspInit
                0x00000000        0x2 Drivers\STM32L0xx_HAL_Driver\Src\stm32l0xx_hal.o
 .text.HAL_MspDeInit
                0x00000000        0x2 Drivers\STM32L0xx_HAL_Driver\Src\stm32l0xx_hal.o
 .text.HAL_DeInit
                0x00000000       0x28 Drivers\STM32L0xx_HAL_Driver\Src\stm32l0xx_hal.o
 .text.HAL_Delay
                0x00000000       0x1e Drivers\STM32L0xx_HAL_Driver\Src\stm32l0xx_hal.o
 .text.HAL_SuspendTick
                0x00000000       0x10 Drivers\STM32L0xx_HAL_Driver\Src\stm32l0xx_hal.o
 .text.HAL_ResumeTick
                0x00000000       0x10 Drivers\STM32L0xx_HAL_Driver\Src\stm32l0xx_hal.o
 .text.HAL_GetHalVersion
                0x00000000        0x8 Drivers\STM32L0xx_HAL_Driver\Src\stm32l0xx_hal.o
 .text.HAL_GetREVID
                0x00000000        0xc Drivers\STM32L0xx_HAL_Driver\Src\stm32l0xx_hal.o
 .text.HAL_GetDEVID
                0x00000000       0x10 Drivers\STM32L0xx_HAL_Driver\Src\stm32l0xx_hal.o
 .text.HAL_GetUIDw0
                0x00000000        0xc Drivers\STM32L0xx_HAL_Driver\Src\stm32l0xx_hal.o
 .text.HAL_GetUIDw1
                0x00000000        0xc Drivers\STM32L0xx_HAL_Driver\Src\stm32l0xx_hal.o
 .text.HAL_GetUIDw2
                0x00000000        0xc Drivers\STM32L0xx_HAL_Driver\Src\stm32l0xx_hal.o
 .text.HAL_DBGMCU_EnableDBGSleepMode
                0x00000000       0x10 Drivers\STM32L0xx_HAL_Driver\Src\stm32l0xx_hal.o
 .text.HAL_DBGMCU_DisableDBGSleepMode
[...]
Memory Configuration

Name             Origin             Length             Attributes
RAM              0x20000000         0x00002000         xrw
FLASH            0x08000000         0x00010000         xr
*default*        0x00000000         0xffffffff

Linker script and memory map

LOAD c:/program files (x86)/atollic/truestudio for stm32 9.3.0/armtools/bin/../lib/gcc/arm-atollic-eabi/6.3.1/armv6-m/crti.o
LOAD c:/program files (x86)/atollic/truestudio for stm32 9.3.0/armtools/bin/../lib/gcc/arm-atollic-eabi/6.3.1/armv6-m/crtbegin.o
LOAD Drivers\STM32L0xx_HAL_Driver\Src\stm32l0xx_hal.o
LOAD Drivers\STM32L0xx_HAL_Driver\Src\stm32l0xx_hal_cortex.o
LOAD Drivers\STM32L0xx_HAL_Driver\Src\stm32l0xx_hal_dma.o
LOAD Drivers\STM32L0xx_HAL_Driver\Src\stm32l0xx_hal_flash.o
LOAD Drivers\STM32L0xx_HAL_Driver\Src\stm32l0xx_hal_flash_ex.o
LOAD Drivers\STM32L0xx_HAL_Driver\Src\stm32l0xx_hal_flash_ramfunc.o
LOAD Drivers\STM32L0xx_HAL_Driver\Src\stm32l0xx_hal_gpio.o
LOAD Drivers\STM32L0xx_HAL_Driver\Src\stm32l0xx_hal_i2c.o
LOAD Drivers\STM32L0xx_HAL_Driver\Src\stm32l0xx_hal_i2c_ex.o
LOAD Drivers\STM32L0xx_HAL_Driver\Src\stm32l0xx_hal_pwr.o
LOAD Drivers\STM32L0xx_HAL_Driver\Src\stm32l0xx_hal_pwr_ex.o
LOAD Drivers\STM32L0xx_HAL_Driver\Src\stm32l0xx_hal_rcc.o
LOAD Drivers\STM32L0xx_HAL_Driver\Src\stm32l0xx_hal_rcc_ex.o
LOAD Drivers\STM32L0xx_HAL_Driver\Src\stm32l0xx_hal_spi.o
LOAD Drivers\STM32L0xx_HAL_Driver\Src\stm32l0xx_hal_tim.o
LOAD Drivers\STM32L0xx_HAL_Driver\Src\stm32l0xx_hal_tim_ex.o
LOAD Src\main.o
LOAD Src\oled.o
LOAD Src\stm32l0xx_hal_msp.o
LOAD Src\stm32l0xx_it.o
LOAD Src\syscalls.o
LOAD Src\system_stm32l0xx.o
LOAD startup\startup_stm32l053xx.o
                0x00000080                malloc_getpagesize_P = 0x80
START GROUP
LOAD c:/program files (x86)/atollic/truestudio for stm32 9.3.0/armtools/bin/../lib/gcc/arm-atollic-eabi/6.3.1/../../../../arm-atollic-eabi/lib/armv6-m\libc_nano.a
LOAD c:/program files (x86)/atollic/truestudio for stm32 9.3.0/armtools/bin/../lib/gcc/arm-atollic-eabi/6.3.1/../../../../arm-atollic-eabi/lib/armv6-m\libm.a
END GROUP
START GROUP
LOAD c:/program files (x86)/atollic/truestudio for stm32 9.3.0/armtools/bin/../lib/gcc/arm-atollic-eabi/6.3.1/armv6-m\libgcc.a
LOAD c:/program files (x86)/atollic/truestudio for stm32 9.3.0/armtools/bin/../lib/gcc/arm-atollic-eabi/6.3.1/../../../../arm-atollic-eabi/lib/armv6-m\libc_nano.a
END GROUP
START GROUP
LOAD c:/program files (x86)/atollic/truestudio for stm32 9.3.0/armtools/bin/../lib/gcc/arm-atollic-eabi/6.3.1/armv6-m\libgcc.a
LOAD c:/program files (x86)/atollic/truestudio for stm32 9.3.0/armtools/bin/../lib/gcc/arm-atollic-eabi/6.3.1/../../../../arm-atollic-eabi/lib/armv6-m\libc_nano.a
LOAD c:/program files (x86)/atollic/truestudio for stm32 9.3.0/armtools/bin/../lib/gcc/arm-atollic-eabi/6.3.1/../../../../arm-atollic-eabi/lib/armv6-m\libnosys.a
END GROUP
START GROUP
LOAD c:/program files (x86)/atollic/truestudio for stm32 9.3.0/armtools/bin/../lib/gcc/arm-atollic-eabi/6.3.1/armv6-m\libgcc.a
LOAD c:/program files (x86)/atollic/truestudio for stm32 9.3.0/armtools/bin/../lib/gcc/arm-atollic-eabi/6.3.1/../../../../arm-atollic-eabi/lib/armv6-m\libc_nano.a
LOAD c:/program files (x86)/atollic/truestudio for stm32 9.3.0/armtools/bin/../lib/gcc/arm-atollic-eabi/6.3.1/../../../../arm-atollic-eabi/lib/armv6-m\libnosys.a
END GROUP
LOAD c:/program files (x86)/atollic/truestudio for stm32 9.3.0/armtools/bin/../lib/gcc/arm-atollic-eabi/6.3.1/armv6-m/crtend.o
LOAD c:/program files (x86)/atollic/truestudio for stm32 9.3.0/armtools/bin/../lib/gcc/arm-atollic-eabi/6.3.1/armv6-m/crtn.o
                0x20002000                _estack = 0x20002000
                0x00000200                _Min_Heap_Size = 0x200
                0x00000400                _Min_Stack_Size = 0x400

.isr_vector     0x08000000       0xc0
                0x08000000                . = ALIGN (0x4)
 *(.isr_vector)
 .isr_vector    0x08000000       0xc0 startup\startup_stm32l053xx.o
                0x08000000                g_pfnVectors
                0x080000c0                . = ALIGN (0x4)

.text           0x080000c0     0x1914
                0x080000c0                . = ALIGN (0x4)
 *(.text)
 .text          0x080000c0       0x48 c:/program files (x86)/atollic/truestudio for stm32 9.3.0/armtools/bin/../lib/gcc/arm-atollic-eabi/6.3.1/armv6-m/crtbegin.o
 .text          0x08000108      0x114 c:/program files (x86)/atollic/truestudio for stm32 9.3.0/armtools/bin/../lib/gcc/arm-atollic-eabi/6.3.1/armv6-m\libgcc.a(_udivsi3.o)
                0x08000108                __aeabi_uidiv
                0x08000108                __udivsi3
                0x08000214                __aeabi_uidivmod
 .text          0x0800021c        0x4 c:/program files (x86)/atollic/truestudio for stm32 9.3.0/armtools/bin/../lib/gcc/arm-atollic-eabi/6.3.1/armv6-m\libgcc.a(_dvmd_tls.o)
                0x0800021c                __aeabi_idiv0
                0x0800021c                __aeabi_ldiv0
 *(.text*)
 .text.HAL_InitTick
                0x08000220       0x30 Drivers\STM32L0xx_HAL_Driver\Src\stm32l0xx_hal.o
                0x08000220                HAL_InitTick
 .text.HAL_Init
                0x08000250       0x28 Drivers\STM32L0xx_HAL_Driver\Src\stm32l0xx_hal.o
                0x08000250                HAL_Init
 .text.HAL_IncTick
                0x08000278       0x10 Drivers\STM32L0xx_HAL_Driver\Src\stm32l0xx_hal.o
                0x08000278                HAL_IncTick
 .text.HAL_GetTick
                0x08000288        0xc Drivers\STM32L0xx_HAL_Driver\Src\stm32l0xx_hal.o
                0x08000288                HAL_GetTick
 .text.HAL_NVIC_SetPriority
                0x08000294       0x60 Drivers\STM32L0xx_HAL_Driver\Src\stm32l0xx_hal_cortex.o
                0x08000294                HAL_NVIC_SetPriority
 .text.HAL_NVIC_EnableIRQ
                0x080002f4       0x14 Drivers\STM32L0xx_HAL_Driver\Src\stm32l0xx_hal_cortex.o
                0x080002f4                HAL_NVIC_EnableIRQ
 .text.HAL_SYSTICK_Config
                0x08000308       0x34 Drivers\STM32L0xx_HAL_Driver\Src\stm32l0xx_hal_cortex.o
                0x08000308                HAL_SYSTICK_Config
 .text.HAL_GPIO_Init
                0x0800033c      0x16c Drivers\STM32L0xx_HAL_Driver\Src\stm32l0xx_hal_gpio.o
                0x0800033c                HAL_GPIO_Init
 .text.HAL_GPIO_WritePin
                0x080004a8        0xc Drivers\STM32L0xx_HAL_Driver\Src\stm32l0xx_hal_gpio.o
                0x080004a8                HAL_GPIO_WritePin
 .text.HAL_GPIO_EXTI_IRQHandler
                0x080004b4       0x18 Drivers\STM32L0xx_HAL_Driver\Src\stm32l0xx_hal_gpio.o
                0x080004b4                HAL_GPIO_EXTI_IRQHandler
 .text.HAL_RCC_GetSysClockFreq
                0x080004cc       0x78 Drivers\STM32L0xx_HAL_Driver\Src\stm32l0xx_hal_rcc.o
                0x080004cc                HAL_RCC_GetSysClockFreq
 .text.HAL_RCC_OscConfig
                0x08000544      0x508 Drivers\STM32L0xx_HAL_Driver\Src\stm32l0xx_hal_rcc.o
                0x08000544                HAL_RCC_OscConfig
 .text.HAL_RCC_ClockConfig
                0x08000a4c      0x170 Drivers\STM32L0xx_HAL_Driver\Src\stm32l0xx_hal_rcc.o
                0x08000a4c                HAL_RCC_ClockConfig
 .text.SPI_WaitFlagStateUntilTimeout.constprop.8
                0x08000bbc       0x84 Drivers\STM32L0xx_HAL_Driver\Src\stm32l0xx_hal_spi.o
 .text.SPI_EndRxTxTransaction
                0x08000c40       0x3e Drivers\STM32L0xx_HAL_Driver\Src\stm32l0xx_hal_spi.o
 *fill*         0x08000c7e        0x2 
 .text.HAL_SPI_Init
                0x08000c80       0x80 Drivers\STM32L0xx_HAL_Driver\Src\stm32l0xx_hal_spi.o
                0x08000c80                HAL_SPI_Init
 .text.HAL_SPI_Transmit
                0x08000d00      0x16e Drivers\STM32L0xx_HAL_Driver\Src\stm32l0xx_hal_spi.o
                0x08000d00                HAL_SPI_Transmit
 *fill*         0x08000e6e        0x2 
 .text.TIM_Base_SetConfig
                0x08000e70       0x5c Drivers\STM32L0xx_HAL_Driver\Src\stm32l0xx_hal_tim.o
 .text.HAL_TIM_Base_Init
                0x08000ecc       0x36 Drivers\STM32L0xx_HAL_Driver\Src\stm32l0xx_hal_tim.o
                0x08000ecc                HAL_TIM_Base_Init
 .text.HAL_TIM_Base_Start_IT
                0x08000f02       0x1e Drivers\STM32L0xx_HAL_Driver\Src\stm32l0xx_hal_tim.o
                0x08000f02                HAL_TIM_Base_Start_IT
 .text.HAL_TIM_ConfigClockSource
                0x08000f20      0x144 Drivers\STM32L0xx_HAL_Driver\Src\stm32l0xx_hal_tim.o
                0x08000f20                HAL_TIM_ConfigClockSource
 .text.HAL_TIM_PeriodElapsedCallback
                0x08001064        0x2 Drivers\STM32L0xx_HAL_Driver\Src\stm32l0xx_hal_tim.o
                0x08001064                HAL_TIM_PeriodElapsedCallback
 .text.HAL_TIM_OC_DelayElapsedCallback
                0x08001066        0x2 Drivers\STM32L0xx_HAL_Driver\Src\stm32l0xx_hal_tim.o
                0x08001066                HAL_TIM_OC_DelayElapsedCallback
 .text.HAL_TIM_IC_CaptureCallback
                0x08001068        0x2 Drivers\STM32L0xx_HAL_Driver\Src\stm32l0xx_hal_tim.o
                0x08001068                HAL_TIM_IC_CaptureCallback
 .text.HAL_TIM_PWM_PulseFinishedCallback
                0x0800106a        0x2 Drivers\STM32L0xx_HAL_Driver\Src\stm32l0xx_hal_tim.o
                0x0800106a                HAL_TIM_PWM_PulseFinishedCallback
 .text.HAL_TIM_TriggerCallback
                0x0800106c        0x2 Drivers\STM32L0xx_HAL_Driver\Src\stm32l0xx_hal_tim.o
                0x0800106c                HAL_TIM_TriggerCallback
 .text.HAL_TIM_IRQHandler
                0x0800106e      0x110 Drivers\STM32L0xx_HAL_Driver\Src\stm32l0xx_hal_tim.o
                0x0800106e                HAL_TIM_IRQHandler
 .text.HAL_TIMEx_MasterConfigSynchronization
                0x0800117e       0x3a Drivers\STM32L0xx_HAL_Driver\Src\stm32l0xx_hal_tim_ex.o
                0x0800117e                HAL_TIMEx_MasterConfigSynchronization
 .text.SystemClock_Config
                0x080011b8       0x64 Src\main.o
                0x080011b8                SystemClock_Config
 .text.startup.main
                0x0800121c      0x138 Src\main.o
                0x0800121c                main
 .text.HAL_GPIO_EXTI_Callback
                0x08001354       0x30 Src\main.o
                0x08001354                HAL_GPIO_EXTI_Callback
 .text.sendCMD  0x08001384       0x48 Src\oled.o
                0x08001384                sendCMD
 .text.sendDATA
                0x080013cc       0x48 Src\oled.o
                0x080013cc                sendDATA
 .text.turnOnScreen
                0x08001414       0x54 Src\oled.o
                0x08001414                turnOnScreen
 .text.clearScreen
                0x08001468       0x1c Src\oled.o
                0x08001468                clearScreen
 .text.sendString
                0x08001484       0xdc Src\oled.o
                0x08001484                sendString
 .text.updateScreen
                0x08001560       0xd4 Src\oled.o
                0x08001560                updateScreen
 .text.HAL_MspInit
                0x08001634       0x1c Src\stm32l0xx_hal_msp.o
                0x08001634                HAL_MspInit
 .text.HAL_SPI_MspInit
                0x08001650       0x58 Src\stm32l0xx_hal_msp.o
                0x08001650                HAL_SPI_MspInit
 .text.HAL_TIM_Base_MspInit
                0x080016a8       0x2c Src\stm32l0xx_hal_msp.o
                0x080016a8                HAL_TIM_Base_MspInit
 .text.NMI_Handler
                0x080016d4        0x2 Src\stm32l0xx_it.o
                0x080016d4                NMI_Handler
 .text.HardFault_Handler
                0x080016d6        0x2 Src\stm32l0xx_it.o
                0x080016d6                HardFault_Handler
 .text.SVC_Handler
                0x080016d8        0x2 Src\stm32l0xx_it.o
                0x080016d8                SVC_Handler
 .text.PendSV_Handler
                0x080016da        0x2 Src\stm32l0xx_it.o
                0x080016da                PendSV_Handler
 .text.SysTick_Handler
                0x080016dc        0x8 Src\stm32l0xx_it.o
                0x080016dc                SysTick_Handler
 .text.EXTI0_1_IRQHandler
                0x080016e4        0xa Src\stm32l0xx_it.o
                0x080016e4                EXTI0_1_IRQHandler
 *fill*         0x080016ee        0x2 
 .text.TIM2_IRQHandler
                0x080016f0      0x1b0 Src\stm32l0xx_it.o
                0x080016f0                TIM2_IRQHandler
 .text.SystemInit
                0x080018a0       0x5c Src\system_stm32l0xx.o
                0x080018a0                SystemInit
 .text.Reset_Handler
                0x080018fc       0x50 startup\startup_stm32l053xx.o
                0x080018fc                Reset_Handler
 .text.Default_Handler
                0x0800194c        0x2 startup\startup_stm32l053xx.o
                0x0800194c                TSC_IRQHandler
                0x0800194c                ADC1_COMP_IRQHandler
                0x0800194c                PVD_IRQHandler
                0x0800194c                I2C1_IRQHandler
                0x0800194c                RCC_CRS_IRQHandler
                0x0800194c                SPI1_IRQHandler
                0x0800194c                TIM6_DAC_IRQHandler
                0x0800194c                EXTI2_3_IRQHandler
                0x0800194c                I2C2_IRQHandler
                0x0800194c                RTC_IRQHandler
                0x0800194c                LCD_IRQHandler
                0x0800194c                DMA1_Channel4_5_6_7_IRQHandler
                0x0800194c                EXTI4_15_IRQHandler
                0x0800194c                DMA1_Channel1_IRQHandler
                0x0800194c                Default_Handler
                0x0800194c                TIM22_IRQHandler
                0x0800194c                USB_IRQHandler
                0x0800194c                SPI2_IRQHandler
                0x0800194c                TIM21_IRQHandler
                0x0800194c                WWDG_IRQHandler
                0x0800194c                DMA1_Channel2_3_IRQHandler
                0x0800194c                USART2_IRQHandler
                0x0800194c                FLASH_IRQHandler
                0x0800194c                USART1_IRQHandler
                0x0800194c                RNG_LPUART1_IRQHandler
                0x0800194c                LPTIM1_IRQHandler
 *fill*         0x0800194e        0x2 
 .text.__libc_init_array
                0x08001950       0x48 c:/program files (x86)/atollic/truestudio for stm32 9.3.0/armtools/bin/../lib/gcc/arm-atollic-eabi/6.3.1/../../../../arm-atollic-eabi/lib/armv6-m\libc_nano.a(lib_a-init.o)
                0x08001950                __libc_init_array
 .text.memcpy   0x08001998       0x12 c:/program files (x86)/atollic/truestudio for stm32 9.3.0/armtools/bin/../lib/gcc/arm-atollic-eabi/6.3.1/../../../../arm-atollic-eabi/lib/armv6-m\libc_nano.a(lib_a-memcpy-stub.o)
                0x08001998                memcpy
 .text.memset   0x080019aa       0x10 c:/program files (x86)/atollic/truestudio for stm32 9.3.0/armtools/bin/../lib/gcc/arm-atollic-eabi/6.3.1/../../../../arm-atollic-eabi/lib/armv6-m\libc_nano.a(lib_a-memset.o)
                0x080019aa                memset
 *(.glue_7)
 .glue_7        0x080019ba        0x0 linker stubs
 *(.glue_7t)
 .glue_7t       0x080019ba        0x0 linker stubs
 *(.eh_frame)
 *fill*         0x080019ba        0x2 
 .eh_frame      0x080019bc        0x0 c:/program files (x86)/atollic/truestudio for stm32 9.3.0/armtools/bin/../lib/gcc/arm-atollic-eabi/6.3.1/armv6-m/crtbegin.o
 *(.init)
 .init          0x080019bc        0x4 c:/program files (x86)/atollic/truestudio for stm32 9.3.0/armtools/bin/../lib/gcc/arm-atollic-eabi/6.3.1/armv6-m/crti.o
                0x080019bc                _init
 .init          0x080019c0        0x8 c:/program files (x86)/atollic/truestudio for stm32 9.3.0/armtools/bin/../lib/gcc/arm-atollic-eabi/6.3.1/armv6-m/crtn.o
 *(.fini)
 .fini          0x080019c8        0x4 c:/program files (x86)/atollic/truestudio for stm32 9.3.0/armtools/bin/../lib/gcc/arm-atollic-eabi/6.3.1/armv6-m/crti.o
                0x080019c8                _fini
 .fini          0x080019cc        0x8 c:/program files (x86)/atollic/truestudio for stm32 9.3.0/armtools/bin/../lib/gcc/arm-atollic-eabi/6.3.1/armv6-m/crtn.o
                0x080019d4                . = ALIGN (0x4)
                0x080019d4                _etext = .

.vfp11_veneer   0x080019d4        0x0
 .vfp11_veneer  0x080019d4        0x0 linker stubs

.v4_bx          0x080019d4        0x0
 .v4_bx         0x080019d4        0x0 linker stubs

.iplt           0x080019d4        0x0
 .iplt          0x080019d4        0x0 c:/program files (x86)/atollic/truestudio for stm32 9.3.0/armtools/bin/../lib/gcc/arm-atollic-eabi/6.3.1/armv6-m/crtbegin.o

.rodata         0x080019d4       0x50
                0x080019d4                . = ALIGN (0x4)
 *(.rodata)
 .rodata        0x080019d4        0xd Src\oled.o
 .rodata        0x080019e1        0x3 Src\stm32l0xx_it.o
 *(.rodata*)
 .rodata.TIM2_IRQHandler.str1.1
                0x080019e4       0x25 Src\stm32l0xx_it.o
 .rodata.AHBPrescTable
                0x08001a09       0x10 Src\system_stm32l0xx.o
                0x08001a09                AHBPrescTable
 .rodata.PLLMulTable
                0x08001a19        0x9 Src\system_stm32l0xx.o
                0x08001a19                PLLMulTable
                0x08001a24                . = ALIGN (0x4)
 *fill*         0x08001a22        0x2 

.rel.dyn        0x08001a24        0x0
 .rel.iplt      0x08001a24        0x0 c:/program files (x86)/atollic/truestudio for stm32 9.3.0/armtools/bin/../lib/gcc/arm-atollic-eabi/6.3.1/armv6-m/crtbegin.o

.ARM.extab
 *(.ARM.extab* .gnu.linkonce.armextab.*)

.ARM            0x08001a24        0x0
                0x08001a24                __exidx_start = .
 *(.ARM.exidx*)
                0x08001a24                __exidx_end = .

.preinit_array  0x08001a24        0x0
                0x08001a24                PROVIDE (__preinit_array_start, .)
 *(.preinit_array*)
                0x08001a24                PROVIDE (__preinit_array_end, .)

.init_array     0x08001a24        0x4
                0x08001a24                PROVIDE (__init_array_start, .)
 *(SORT(.init_array.*))
 *(.init_array*)
 .init_array    0x08001a24        0x4 c:/program files (x86)/atollic/truestudio for stm32 9.3.0/armtools/bin/../lib/gcc/arm-atollic-eabi/6.3.1/armv6-m/crtbegin.o
                0x08001a28                PROVIDE (__init_array_end, .)

.fini_array     0x08001a28        0x4
                [!provide]                PROVIDE (__fini_array_start, .)
 *(SORT(.fini_array.*))
 *(.fini_array*)
 .fini_array    0x08001a28        0x4 c:/program files (x86)/atollic/truestudio for stm32 9.3.0/armtools/bin/../lib/gcc/arm-atollic-eabi/6.3.1/armv6-m/crtbegin.o
                [!provide]                PROVIDE (__fini_array_end, .)
                0x08001a2c                _sidata = LOADADDR (.data)

.data           0x20000000      0x504 load address 0x08001a2c
                0x20000000                . = ALIGN (0x4)
                0x20000000                _sdata = .
 *(.data)
 *(.data*)
 .data.contrastHigh
                0x20000000        0x2 Src\main.o
                0x20000000                contrastHigh
 .data.contrastLow
                0x20000002        0x2 Src\main.o
                0x20000002                contrastLow
 .data.MARSBMP  0x20000004      0x400 Src\oled.o
                0x20000004                MARSBMP
 .data.fonts    0x20000404       0xee Src\oled.o
                0x20000404                fonts
 .data.distance
                0x200004f2        0x5 Src\stm32l0xx_it.o
                0x200004f2                distance
 .data.hr       0x200004f7        0x4 Src\stm32l0xx_it.o
                0x200004f7                hr
 .data.isOtherSetup
                0x200004fb        0x1 Src\stm32l0xx_it.o
                0x200004fb                isOtherSetup
 .data.isSelfSetup
                0x200004fc        0x1 Src\stm32l0xx_it.o
                0x200004fc                isSelfSetup
 .data.user     0x200004fd        0x1 Src\stm32l0xx_it.o
                0x200004fd                user
 *fill*         0x200004fe        0x2 
 .data.SystemCoreClock
                0x20000500        0x4 Src\system_stm32l0xx.o
                0x20000500                SystemCoreClock
                0x20000504                . = ALIGN (0x4)
                0x20000504                _edata = .

.igot.plt       0x20000504        0x0 load address 0x08001f30
 .igot.plt      0x20000504        0x0 c:/program files (x86)/atollic/truestudio for stm32 9.3.0/armtools/bin/../lib/gcc/arm-atollic-eabi/6.3.1/armv6-m/crtbegin.o
                0x20000504                . = ALIGN (0x4)

.bss            0x20000504       0xb8 load address 0x08001f30
                0x20000504                _sbss = .
                0x20000504                __bss_start__ = _sbss
 *(.bss)
 .bss           0x20000504       0x1c c:/program files (x86)/atollic/truestudio for stm32 9.3.0/armtools/bin/../lib/gcc/arm-atollic-eabi/6.3.1/armv6-m/crtbegin.o
 *(.bss*)
 .bss.isDim     0x20000520        0x1 Src\main.o
                0x20000520                isDim
 .bss.space     0x20000521        0x1 Src\oled.o
                0x20000521                space
 *(COMMON)
 *fill*         0x20000522        0x2 
 COMMON         0x20000524        0x4 Drivers\STM32L0xx_HAL_Driver\Src\stm32l0xx_hal.o
                0x20000524                uwTick
 COMMON         0x20000528       0x94 Src\main.o
                0x20000528                hspi2
                0x20000580                htim2
                0x200005bc                . = ALIGN (0x4)
                0x200005bc                _ebss = .
                0x200005bc                __bss_end__ = _ebss

._user_heap_stack
                0x200005bc      0x600 load address 0x08001f30
                0x200005bc                . = ALIGN (0x4)
                0x200005bc                PROVIDE (end, .)
                [!provide]                PROVIDE (_end, .)
                0x200007bc                . = (. + _Min_Heap_Size)
 *fill*         0x200005bc      0x200 
                0x20000bbc                . = (. + _Min_Stack_Size)
 *fill*         0x200007bc      0x400 
                0x20000bbc                . = ALIGN (0x4)

/DISCARD/
 libc.a(*)
 libm.a(*)
 libgcc.a(*)

.ARM.attributes
                0x00000000       0x28
 *(.ARM.attributes)
 .ARM.attributes
                0x00000000       0x1e c:/program files (x86)/atollic/truestudio for stm32 9.3.0/armtools/bin/../lib/gcc/arm-atollic-eabi/6.3.1/armv6-m/crti.o
 .ARM.attributes
                0x0000001e       0x2c c:/program files (x86)/atollic/truestudio for stm32 9.3.0/armtools/bin/../lib/gcc/arm-atollic-eabi/6.3.1/armv6-m/crtbegin.o
 .ARM.attributes
                0x0000004a       0x32 Drivers\STM32L0xx_HAL_Driver\Src\stm32l0xx_hal.o
 .ARM.attributes
                0x0000007c       0x32 Drivers\STM32L0xx_HAL_Driver\Src\stm32l0xx_hal_cortex.o
 .ARM.attributes
                0x000000ae       0x32 Drivers\STM32L0xx_HAL_Driver\Src\stm32l0xx_hal_gpio.o
 .ARM.attributes
                0x000000e0       0x32 Drivers\STM32L0xx_HAL_Driver\Src\stm32l0xx_hal_rcc.o
 .ARM.attributes
                0x00000112       0x32 Drivers\STM32L0xx_HAL_Driver\Src\stm32l0xx_hal_spi.o
 .ARM.attributes
                0x00000144       0x32 Drivers\STM32L0xx_HAL_Driver\Src\stm32l0xx_hal_tim.o
 .ARM.attributes
                0x00000176       0x32 Drivers\STM32L0xx_HAL_Driver\Src\stm32l0xx_hal_tim_ex.o
 .ARM.attributes
                0x000001a8       0x32 Src\main.o
 .ARM.attributes
                0x000001da       0x32 Src\oled.o
 .ARM.attributes
                0x0000020c       0x32 Src\stm32l0xx_hal_msp.o
 .ARM.attributes
                0x0000023e       0x32 Src\stm32l0xx_it.o
 .ARM.attributes
                0x00000270       0x32 Src\system_stm32l0xx.o
 .ARM.attributes
                0x000002a2       0x22 startup\startup_stm32l053xx.o
 .ARM.attributes
                0x000002c4       0x2c c:/program files (x86)/atollic/truestudio for stm32 9.3.0/armtools/bin/../lib/gcc/arm-atollic-eabi/6.3.1/../../../../arm-atollic-eabi/lib/armv6-m\libc_nano.a(lib_a-init.o)
 .ARM.attributes
                0x000002f0       0x2c c:/program files (x86)/atollic/truestudio for stm32 9.3.0/armtools/bin/../lib/gcc/arm-atollic-eabi/6.3.1/../../../../arm-atollic-eabi/lib/armv6-m\libc_nano.a(lib_a-memcpy-stub.o)
 .ARM.attributes
                0x0000031c       0x2c c:/program files (x86)/atollic/truestudio for stm32 9.3.0/armtools/bin/../lib/gcc/arm-atollic-eabi/6.3.1/../../../../arm-atollic-eabi/lib/armv6-m\libc_nano.a(lib_a-memset.o)
 .ARM.attributes
                0x00000348       0x1e c:/program files (x86)/atollic/truestudio for stm32 9.3.0/armtools/bin/../lib/gcc/arm-atollic-eabi/6.3.1/armv6-m\libgcc.a(_udivsi3.o)
 .ARM.attributes
                0x00000366       0x1e c:/program files (x86)/atollic/truestudio for stm32 9.3.0/armtools/bin/../lib/gcc/arm-atollic-eabi/6.3.1/armv6-m\libgcc.a(_dvmd_tls.o)
 .ARM.attributes
                0x00000384       0x1e c:/program files (x86)/atollic/truestudio for stm32 9.3.0/armtools/bin/../lib/gcc/arm-atollic-eabi/6.3.1/armv6-m/crtn.o
OUTPUT(oledplswork.elf elf32-littlearm)

.debug_info     0x00000000     0xb50b
 .debug_info    0x00000000      0x865 Drivers\STM32L0xx_HAL_Driver\Src\stm32l0xx_hal.o
 .debug_info    0x00000865      0x9b5 Drivers\STM32L0xx_HAL_Driver\Src\stm32l0xx_hal_cortex.o
 .debug_info    0x0000121a      0x6d2 Drivers\STM32L0xx_HAL_Driver\Src\stm32l0xx_hal_gpio.o
 .debug_info    0x000018ec      0xbfe Drivers\STM32L0xx_HAL_Driver\Src\stm32l0xx_hal_rcc.o
 .debug_info    0x000024ea     0x1cd3 Drivers\STM32L0xx_HAL_Driver\Src\stm32l0xx_hal_spi.o
 .debug_info    0x000041bd     0x33a3 Drivers\STM32L0xx_HAL_Driver\Src\stm32l0xx_hal_tim.o
 .debug_info    0x00007560      0x68b Drivers\STM32L0xx_HAL_Driver\Src\stm32l0xx_hal_tim_ex.o
 .debug_info    0x00007beb     0x11d1 Src\main.o
 .debug_info    0x00008dbc      0xc4d Src\oled.o
 .debug_info    0x00009a09      0xca1 Src\stm32l0xx_hal_msp.o
 .debug_info    0x0000a6aa      0xa3a Src\stm32l0xx_it.o
 .debug_info    0x0000b0e4      0x398 Src\system_stm32l0xx.o
 .debug_info    0x0000b47c       0x8f startup\startup_stm32l053xx.o

.debug_abbrev   0x00000000     0x1b66
 .debug_abbrev  0x00000000      0x28c Drivers\STM32L0xx_HAL_Driver\Src\stm32l0xx_hal.o
 .debug_abbrev  0x0000028c      0x266 Drivers\STM32L0xx_HAL_Driver\Src\stm32l0xx_hal_cortex.o
 .debug_abbrev  0x000004f2      0x1ca Drivers\STM32L0xx_HAL_Driver\Src\stm32l0xx_hal_gpio.o
 .debug_abbrev  0x000006bc      0x2be Drivers\STM32L0xx_HAL_Driver\Src\stm32l0xx_hal_rcc.o
 .debug_abbrev  0x0000097a      0x336 Drivers\STM32L0xx_HAL_Driver\Src\stm32l0xx_hal_spi.o
 .debug_abbrev  0x00000cb0      0x32a Drivers\STM32L0xx_HAL_Driver\Src\stm32l0xx_hal_tim.o
 .debug_abbrev  0x00000fda      0x197 Drivers\STM32L0xx_HAL_Driver\Src\stm32l0xx_hal_tim_ex.o
 .debug_abbrev  0x00001171      0x2a7 Src\main.o
 .debug_abbrev  0x00001418      0x224 Src\oled.o
 .debug_abbrev  0x0000163c      0x1d8 Src\stm32l0xx_hal_msp.o
 .debug_abbrev  0x00001814      0x232 Src\stm32l0xx_it.o
 .debug_abbrev  0x00001a46      0x10e Src\system_stm32l0xx.o
 .debug_abbrev  0x00001b54       0x12 startup\startup_stm32l053xx.o

.debug_loc      0x00000000     0x62fa
 .debug_loc     0x00000000      0x13d Drivers\STM32L0xx_HAL_Driver\Src\stm32l0xx_hal.o
 .debug_loc     0x0000013d      0x3ed Drivers\STM32L0xx_HAL_Driver\Src\stm32l0xx_hal_cortex.o
 .debug_loc     0x0000052a      0x2ea Drivers\STM32L0xx_HAL_Driver\Src\stm32l0xx_hal_gpio.o
 .debug_loc     0x00000814      0x561 Drivers\STM32L0xx_HAL_Driver\Src\stm32l0xx_hal_rcc.o
 .debug_loc     0x00000d75     0x17df Drivers\STM32L0xx_HAL_Driver\Src\stm32l0xx_hal_spi.o
 .debug_loc     0x00002554     0x37f1 Drivers\STM32L0xx_HAL_Driver\Src\stm32l0xx_hal_tim.o
 .debug_loc     0x00005d45       0xd3 Drivers\STM32L0xx_HAL_Driver\Src\stm32l0xx_hal_tim_ex.o
 .debug_loc     0x00005e18       0x3a Src\main.o
 .debug_loc     0x00005e52      0x246 Src\oled.o
 .debug_loc     0x00006098       0x8f Src\stm32l0xx_hal_msp.o
 .debug_loc     0x00006127       0x78 Src\stm32l0xx_it.o
 .debug_loc     0x0000619f      0x15b Src\system_stm32l0xx.o

.debug_aranges  0x00000000      0x790
 .debug_aranges
                0x00000000       0xf0 Drivers\STM32L0xx_HAL_Driver\Src\stm32l0xx_hal.o
 .debug_aranges
                0x000000f0       0x90 Drivers\STM32L0xx_HAL_Driver\Src\stm32l0xx_hal_cortex.o
 .debug_aranges
                0x00000180       0x58 Drivers\STM32L0xx_HAL_Driver\Src\stm32l0xx_hal_gpio.o
 .debug_aranges
                0x000001d8       0x80 Drivers\STM32L0xx_HAL_Driver\Src\stm32l0xx_hal_rcc.o
 .debug_aranges
                0x00000258      0x188 Drivers\STM32L0xx_HAL_Driver\Src\stm32l0xx_hal_spi.o
 .debug_aranges
                0x000003e0      0x238 Drivers\STM32L0xx_HAL_Driver\Src\stm32l0xx_hal_tim.o
 .debug_aranges
                0x00000618       0x28 Drivers\STM32L0xx_HAL_Driver\Src\stm32l0xx_hal_tim_ex.o
 .debug_aranges
                0x00000640       0x38 Src\main.o
 .debug_aranges
                0x00000678       0x48 Src\oled.o
 .debug_aranges
                0x000006c0       0x40 Src\stm32l0xx_hal_msp.o
 .debug_aranges
                0x00000700       0x40 Src\stm32l0xx_it.o
 .debug_aranges
                0x00000740       0x28 Src\system_stm32l0xx.o
 .debug_aranges
                0x00000768       0x28 startup\startup_stm32l053xx.o

.debug_ranges   0x00000000      0xbe0
 .debug_ranges  0x00000000       0xe0 Drivers\STM32L0xx_HAL_Driver\Src\stm32l0xx_hal.o
 .debug_ranges  0x000000e0      0x138 Drivers\STM32L0xx_HAL_Driver\Src\stm32l0xx_hal_cortex.o
 .debug_ranges  0x00000218       0x48 Drivers\STM32L0xx_HAL_Driver\Src\stm32l0xx_hal_gpio.o
 .debug_ranges  0x00000260       0xb8 Drivers\STM32L0xx_HAL_Driver\Src\stm32l0xx_hal_rcc.o
 .debug_ranges  0x00000318      0x250 Drivers\STM32L0xx_HAL_Driver\Src\stm32l0xx_hal_spi.o
 .debug_ranges  0x00000568      0x488 Drivers\STM32L0xx_HAL_Driver\Src\stm32l0xx_hal_tim.o
 .debug_ranges  0x000009f0       0x18 Drivers\STM32L0xx_HAL_Driver\Src\stm32l0xx_hal_tim_ex.o
 .debug_ranges  0x00000a08       0xa0 Src\main.o
 .debug_ranges  0x00000aa8       0x88 Src\oled.o
 .debug_ranges  0x00000b30       0x48 Src\stm32l0xx_hal_msp.o
 .debug_ranges  0x00000b78       0x30 Src\stm32l0xx_it.o
 .debug_ranges  0x00000ba8       0x18 Src\system_stm32l0xx.o
 .debug_ranges  0x00000bc0       0x20 startup\startup_stm32l053xx.o

.debug_line     0x00000000     0x4085
 .debug_line    0x00000000      0x45d Drivers\STM32L0xx_HAL_Driver\Src\stm32l0xx_hal.o
 .debug_line    0x0000045d      0x43a Drivers\STM32L0xx_HAL_Driver\Src\stm32l0xx_hal_cortex.o
 .debug_line    0x00000897      0x3b8 Drivers\STM32L0xx_HAL_Driver\Src\stm32l0xx_hal_gpio.o
 .debug_line    0x00000c4f      0x595 Drivers\STM32L0xx_HAL_Driver\Src\stm32l0xx_hal_rcc.o
 .debug_line    0x000011e4      0xc61 Drivers\STM32L0xx_HAL_Driver\Src\stm32l0xx_hal_spi.o
 .debug_line    0x00001e45     0x111b Drivers\STM32L0xx_HAL_Driver\Src\stm32l0xx_hal_tim.o
 .debug_line    0x00002f60      0x2a8 Drivers\STM32L0xx_HAL_Driver\Src\stm32l0xx_hal_tim_ex.o
 .debug_line    0x00003208      0x332 Src\main.o
 .debug_line    0x0000353a      0x310 Src\oled.o
 .debug_line    0x0000384a      0x2c5 Src\stm32l0xx_hal_msp.o
 .debug_line    0x00003b0f      0x2c4 Src\stm32l0xx_it.o
 .debug_line    0x00003dd3      0x22f Src\system_stm32l0xx.o
 .debug_line    0x00004002       0x83 startup\startup_stm32l053xx.o

.debug_str      0x00000000     0x2b32
 .debug_str     0x00000000      0x796 Drivers\STM32L0xx_HAL_Driver\Src\stm32l0xx_hal.o
                                0x7ed (size before relaxing)
 .debug_str     0x00000796      0x2e8 Drivers\STM32L0xx_HAL_Driver\Src\stm32l0xx_hal_cortex.o
                                0x770 (size before relaxing)
 .debug_str     0x00000a7e      0x1a9 Drivers\STM32L0xx_HAL_Driver\Src\stm32l0xx_hal_gpio.o
                                0x4c1 (size before relaxing)
 .debug_str     0x00000c27      0x335 Drivers\STM32L0xx_HAL_Driver\Src\stm32l0xx_hal_rcc.o
                                0x719 (size before relaxing)
 .debug_str     0x00000f5c      0x8ef Drivers\STM32L0xx_HAL_Driver\Src\stm32l0xx_hal_spi.o
                                0xbae (size before relaxing)
 .debug_str     0x0000184b      0xfa8 Drivers\STM32L0xx_HAL_Driver\Src\stm32l0xx_hal_tim.o
                               0x1453 (size before relaxing)
 .debug_str     0x000027f3       0xc7 Drivers\STM32L0xx_HAL_Driver\Src\stm32l0xx_hal_tim_ex.o
                                0x6bc (size before relaxing)
 .debug_str     0x000028ba       0xab Src\main.o
                                0xe1a (size before relaxing)
 .debug_str     0x00002965       0xa9 Src\oled.o
                                0x6f9 (size before relaxing)
 .debug_str     0x00002a0e       0x25 Src\stm32l0xx_hal_msp.o
                                0xb1c (size before relaxing)
 .debug_str     0x00002a33       0xa3 Src\stm32l0xx_it.o
                                0x6ee (size before relaxing)
 .debug_str     0x00002ad6       0x5c Src\system_stm32l0xx.o
                                0x313 (size before relaxing)

.comment        0x00000000       0x7c
 .comment       0x00000000       0x7c Drivers\STM32L0xx_HAL_Driver\Src\stm32l0xx_hal.o
                                 0x7d (size before relaxing)
 .comment       0x0000007c       0x7d Drivers\STM32L0xx_HAL_Driver\Src\stm32l0xx_hal_cortex.o
 .comment       0x0000007c       0x7d Drivers\STM32L0xx_HAL_Driver\Src\stm32l0xx_hal_gpio.o
 .comment       0x0000007c       0x7d Drivers\STM32L0xx_HAL_Driver\Src\stm32l0xx_hal_rcc.o
 .comment       0x0000007c       0x7d Drivers\STM32L0xx_HAL_Driver\Src\stm32l0xx_hal_spi.o
 .comment       0x0000007c       0x7d Drivers\STM32L0xx_HAL_Driver\Src\stm32l0xx_hal_tim.o
 .comment       0x0000007c       0x7d Drivers\STM32L0xx_HAL_Driver\Src\stm32l0xx_hal_tim_ex.o
 .comment       0x0000007c       0x7d Src\main.o
 .comment       0x0000007c       0x7d Src\oled.o
 .comment       0x0000007c       0x7d Src\stm32l0xx_hal_msp.o
 .comment       0x0000007c       0x7d Src\stm32l0xx_it.o
 .comment       0x0000007c       0x7d Src\system_stm32l0xx.o

.debug_frame    0x00000000     0x1760
 .debug_frame   0x00000000      0x1f8 Drivers\STM32L0xx_HAL_Driver\Src\stm32l0xx_hal.o
 .debug_frame   0x000001f8      0x11c Drivers\STM32L0xx_HAL_Driver\Src\stm32l0xx_hal_cortex.o
 .debug_frame   0x00000314       0xbc Drivers\STM32L0xx_HAL_Driver\Src\stm32l0xx_hal_gpio.o
 .debug_frame   0x000003d0      0x148 Drivers\STM32L0xx_HAL_Driver\Src\stm32l0xx_hal_rcc.o
 .debug_frame   0x00000518      0x568 Drivers\STM32L0xx_HAL_Driver\Src\stm32l0xx_hal_spi.o
 .debug_frame   0x00000a80      0x96c Drivers\STM32L0xx_HAL_Driver\Src\stm32l0xx_hal_tim.o
 .debug_frame   0x000013ec       0x44 Drivers\STM32L0xx_HAL_Driver\Src\stm32l0xx_hal_tim_ex.o
 .debug_frame   0x00001430       0x74 Src\main.o
 .debug_frame   0x000014a4       0xc4 Src\oled.o
 .debug_frame   0x00001568       0x84 Src\stm32l0xx_hal_msp.o
 .debug_frame   0x000015ec       0xa4 Src\stm32l0xx_it.o
 .debug_frame   0x00001690       0x3c Src\system_stm32l0xx.o
 .debug_frame   0x000016cc       0x2c c:/program files (x86)/atollic/truestudio for stm32 9.3.0/armtools/bin/../lib/gcc/arm-atollic-eabi/6.3.1/../../../../arm-atollic-eabi/lib/armv6-m\libc_nano.a(lib_a-init.o)
 .debug_frame   0x000016f8       0x28 c:/program files (x86)/atollic/truestudio for stm32 9.3.0/armtools/bin/../lib/gcc/arm-atollic-eabi/6.3.1/../../../../arm-atollic-eabi/lib/armv6-m\libc_nano.a(lib_a-memcpy-stub.o)
 .debug_frame   0x00001720       0x20 c:/program files (x86)/atollic/truestudio for stm32 9.3.0/armtools/bin/../lib/gcc/arm-atollic-eabi/6.3.1/../../../../arm-atollic-eabi/lib/armv6-m\libc_nano.a(lib_a-memset.o)
 .debug_frame   0x00001740       0x20 c:/program files (x86)/atollic/truestudio for stm32 9.3.0/armtools/bin/../lib/gcc/arm-atollic-eabi/6.3.1/armv6-m\libgcc.a(_udivsi3.o)
